19
24 4 17 9 22 6 14 10 25 18 8 11 21 2 20 23 3 1 12
