18
10 3 4 22 18 6 14 13 15 23 17 2 1 25 21 19 24 9
