5
1 2 3 4 5
2
2 1
5
1 2 3 4 5
4
9 1 2 3
1
9
3
3 1 2
3
3 1 2
